No such service: broker
